Archive member included because of file (symbol)

E:\Github for wgindows\ICStation_E003A\build\/core_duemilanove328_16.a(HardwareSerial.cpp.o)
                              build\ICStation_E003A.o (Serial)
E:\Github for wgindows\ICStation_E003A\build\/core_duemilanove328_16.a(main.cpp.o)
                              e:/codeblocks-arduino baru/codeblocks/bin/../lib/gcc/avr/4.3.3/../../../../avr/lib/avr5/crtm328p.o (main)
E:\Github for wgindows\ICStation_E003A\build\/core_duemilanove328_16.a(new.cpp.o)
                              E:\Github for wgindows\ICStation_E003A\build\/core_duemilanove328_16.a(HardwareSerial.cpp.o) (__cxa_pure_virtual)
E:\Github for wgindows\ICStation_E003A\build\/core_duemilanove328_16.a(Print.cpp.o)
                              E:\Github for wgindows\ICStation_E003A\build\/core_duemilanove328_16.a(HardwareSerial.cpp.o) (Print::write(unsigned char const*, unsigned int))
E:\Github for wgindows\ICStation_E003A\build\/core_duemilanove328_16.a(wiring.c.o)
                              build\ICStation_E003A.o (delay)
E:\Github for wgindows\ICStation_E003A\build\/core_duemilanove328_16.a(wiring_analog.c.o)
                              build\ICStation_E003A.o (analogRead)
E:\Github for wgindows\ICStation_E003A\build\/core_duemilanove328_16.a(wiring_digital.c.o)
                              build\ICStation_E003A.o (pinMode)
E:\Github for wgindows\ICStation_E003A\build\/core_duemilanove328_16.a(WString.cpp.o)
                              E:\Github for wgindows\ICStation_E003A\build\/core_duemilanove328_16.a(Print.cpp.o) (String::operator[](unsigned int) const)
e:/codeblocks-arduino baru/codeblocks/bin/../lib/gcc/avr/4.3.3/../../../../avr/lib/avr5\libm.a(addsf3.o)
                              E:\Github for wgindows\ICStation_E003A\build\/core_duemilanove328_16.a(Print.cpp.o) (__subsf3)
e:/codeblocks-arduino baru/codeblocks/bin/../lib/gcc/avr/4.3.3/../../../../avr/lib/avr5\libm.a(addsf3x.o)
                              e:/codeblocks-arduino baru/codeblocks/bin/../lib/gcc/avr/4.3.3/../../../../avr/lib/avr5\libm.a(addsf3.o) (__addsf3x)
e:/codeblocks-arduino baru/codeblocks/bin/../lib/gcc/avr/4.3.3/../../../../avr/lib/avr5\libm.a(cmpsf2.o)
                              E:\Github for wgindows\ICStation_E003A\build\/core_duemilanove328_16.a(Print.cpp.o) (__ltsf2)
e:/codeblocks-arduino baru/codeblocks/bin/../lib/gcc/avr/4.3.3/../../../../avr/lib/avr5\libm.a(divsf3.o)
                              build\ICStation_E003A.o (__divsf3)
e:/codeblocks-arduino baru/codeblocks/bin/../lib/gcc/avr/4.3.3/../../../../avr/lib/avr5\libm.a(divsf3x.o)
                              e:/codeblocks-arduino baru/codeblocks/bin/../lib/gcc/avr/4.3.3/../../../../avr/lib/avr5\libm.a(divsf3.o) (__divsf3x)
e:/codeblocks-arduino baru/codeblocks/bin/../lib/gcc/avr/4.3.3/../../../../avr/lib/avr5\libm.a(fixsfsi.o)
                              E:\Github for wgindows\ICStation_E003A\build\/core_duemilanove328_16.a(Print.cpp.o) (__fixsfsi)
e:/codeblocks-arduino baru/codeblocks/bin/../lib/gcc/avr/4.3.3/../../../../avr/lib/avr5\libm.a(fixunssfsi.o)
                              E:\Github for wgindows\ICStation_E003A\build\/core_duemilanove328_16.a(Print.cpp.o) (__fixunssfsi)
e:/codeblocks-arduino baru/codeblocks/bin/../lib/gcc/avr/4.3.3/../../../../avr/lib/avr5\libm.a(floatsisf.o)
                              E:\Github for wgindows\ICStation_E003A\build\/core_duemilanove328_16.a(Print.cpp.o) (__floatunsisf)
e:/codeblocks-arduino baru/codeblocks/bin/../lib/gcc/avr/4.3.3/../../../../avr/lib/avr5\libm.a(fp_cmp.o)
                              e:/codeblocks-arduino baru/codeblocks/bin/../lib/gcc/avr/4.3.3/../../../../avr/lib/avr5\libm.a(cmpsf2.o) (__fp_cmp)
e:/codeblocks-arduino baru/codeblocks/bin/../lib/gcc/avr/4.3.3/../../../../avr/lib/avr5\libm.a(fp_inf.o)
                              e:/codeblocks-arduino baru/codeblocks/bin/../lib/gcc/avr/4.3.3/../../../../avr/lib/avr5\libm.a(addsf3x.o) (__fp_inf)
e:/codeblocks-arduino baru/codeblocks/bin/../lib/gcc/avr/4.3.3/../../../../avr/lib/avr5\libm.a(fp_nan.o)
                              e:/codeblocks-arduino baru/codeblocks/bin/../lib/gcc/avr/4.3.3/../../../../avr/lib/avr5\libm.a(addsf3x.o) (__fp_nan)
e:/codeblocks-arduino baru/codeblocks/bin/../lib/gcc/avr/4.3.3/../../../../avr/lib/avr5\libm.a(fp_pscA.o)
                              e:/codeblocks-arduino baru/codeblocks/bin/../lib/gcc/avr/4.3.3/../../../../avr/lib/avr5\libm.a(addsf3x.o) (__fp_pscA)
e:/codeblocks-arduino baru/codeblocks/bin/../lib/gcc/avr/4.3.3/../../../../avr/lib/avr5\libm.a(fp_pscB.o)
                              e:/codeblocks-arduino baru/codeblocks/bin/../lib/gcc/avr/4.3.3/../../../../avr/lib/avr5\libm.a(addsf3x.o) (__fp_pscB)
e:/codeblocks-arduino baru/codeblocks/bin/../lib/gcc/avr/4.3.3/../../../../avr/lib/avr5\libm.a(fp_round.o)
                              e:/codeblocks-arduino baru/codeblocks/bin/../lib/gcc/avr/4.3.3/../../../../avr/lib/avr5\libm.a(addsf3.o) (__fp_round)
[...]
Memory Configuration

Name             Origin             Length             Attributes
text             0x00000000         0x00020000         xr
data             0x00800060         0x0000ffa0         rw !x
eeprom           0x00810000         0x00010000         rw !x
fuse             0x00820000         0x00000400         rw !x
lock             0x00830000         0x00000400         rw !x
signature        0x00840000         0x00000400         rw !x
*default*        0x00000000         0xffffffff

Linker script and memory map

Address of section .data set to 0x800100
LOAD e:/codeblocks-arduino baru/codeblocks/bin/../lib/gcc/avr/4.3.3/../../../../avr/lib/avr5/crtm328p.o
LOAD build\ICStation_E003A.o
LOAD E:\Github for wgindows\ICStation_E003A\build\/lib_duemilanove328_16.a
LOAD E:\Github for wgindows\ICStation_E003A\build\/core_duemilanove328_16.a
LOAD e:/codeblocks-arduino baru/codeblocks/bin/../lib/gcc/avr/4.3.3/../../../../avr/lib/avr5\libm.a
LOAD e:/codeblocks-arduino baru/codeblocks/bin/../lib/gcc/avr/4.3.3/avr5\libgcc.a
LOAD e:/codeblocks-arduino baru/codeblocks/bin/../lib/gcc/avr/4.3.3/../../../../avr/lib/avr5\libc.a
LOAD e:/codeblocks-arduino baru/codeblocks/bin/../lib/gcc/avr/4.3.3/avr5\libgcc.a

.hash
 *(.hash)

.dynsym
 *(.dynsym)

.dynstr
 *(.dynstr)

.gnu.version
 *(.gnu.version)

.gnu.version_d
 *(.gnu.version_d)

.gnu.version_r
 *(.gnu.version_r)

.rel.init
 *(.rel.init)

.rela.init
 *(.rela.init)

.rel.text
 *(.rel.text)
 *(.rel.text.*)
 *(.rel.gnu.linkonce.t*)

.rela.text
 *(.rela.text)
 *(.rela.text.*)
 *(.rela.gnu.linkonce.t*)

.rel.fini
 *(.rel.fini)

.rela.fini
 *(.rela.fini)

.rel.rodata
 *(.rel.rodata)
 *(.rel.rodata.*)
 *(.rel.gnu.linkonce.r*)

.rela.rodata
 *(.rela.rodata)
 *(.rela.rodata.*)
 *(.rela.gnu.linkonce.r*)

.rel.data
 *(.rel.data)
 *(.rel.data.*)
 *(.rel.gnu.linkonce.d*)

.rela.data
 *(.rela.data)
 *(.rela.data.*)
 *(.rela.gnu.linkonce.d*)

.rel.ctors
 *(.rel.ctors)

.rela.ctors
 *(.rela.ctors)

.rel.dtors
 *(.rel.dtors)

.rela.dtors
 *(.rela.dtors)

.rel.got
 *(.rel.got)

.rela.got
 *(.rela.got)

.rel.bss
 *(.rel.bss)

.rela.bss
 *(.rela.bss)

.rel.plt
 *(.rel.plt)

.rela.plt
 *(.rela.plt)

.text           0x00000000     0x1356
 *(.vectors)
 .vectors       0x00000000       0x68 e:/codeblocks-arduino baru/codeblocks/bin/../lib/gcc/avr/4.3.3/../../../../avr/lib/avr5/crtm328p.o
                0x00000000                __vectors
                0x00000000                __vector_default
 *(.vectors)
 *(.progmem.gcc*)
 *(.progmem*)
 .progmem.data  0x00000068       0x5a E:\Github for wgindows\ICStation_E003A\build\/core_duemilanove328_16.a(wiring_digital.c.o)
                0x00000068                port_to_mode_PGM
                0x00000086                digital_pin_to_port_PGM
                0x0000009a                digital_pin_to_bit_mask_PGM
                0x00000072                port_to_output_PGM
                0x0000007c                port_to_input_PGM
                0x000000ae                digital_pin_to_timer_PGM
                0x000000c2                . = ALIGN (0x2)
                0x000000c2                __trampolines_start = .
 *(.trampolines)
 .trampolines   0x000000c2        0x0 linker stubs
 *(.trampolines*)
                0x000000c2                __trampolines_end = .
 *(.jumptables)
 *(.jumptables*)
 *(.lowtext)
 *(.lowtext*)
                0x000000c2                __ctors_start = .
 *(.ctors)
 .ctors         0x000000c2        0x2 E:\Github for wgindows\ICStation_E003A\build\/core_duemilanove328_16.a(HardwareSerial.cpp.o)
                0x000000c4                __ctors_end = .
                0x000000c4                __dtors_start = .
 *(.dtors)
                0x000000c4                __dtors_end = .
 SORT(*)(.ctors)
 SORT(*)(.dtors)
 *(.init0)
 .init0         0x000000c4        0x0 e:/codeblocks-arduino baru/codeblocks/bin/../lib/gcc/avr/4.3.3/../../../../avr/lib/avr5/crtm328p.o
                0x000000c4                __init
 *(.init0)
 *(.init1)
 *(.init1)
 *(.init2)
 .init2         0x000000c4        0xc e:/codeblocks-arduino baru/codeblocks/bin/../lib/gcc/avr/4.3.3/../../../../avr/lib/avr5/crtm328p.o
 *(.init2)
 *(.init3)
 *(.init3)
 *(.init4)
 .init4         0x000000d0       0x16 e:/codeblocks-arduino baru/codeblocks/bin/../lib/gcc/avr/4.3.3/avr5\libgcc.a(_copy_data.o)
                0x000000d0                __do_copy_data
 .init4         0x000000e6       0x10 e:/codeblocks-arduino baru/codeblocks/bin/../lib/gcc/avr/4.3.3/avr5\libgcc.a(_clear_bss.o)
                0x000000e6                __do_clear_bss
 *(.init4)
 *(.init5)
 *(.init5)
 *(.init6)
 .init6         0x000000f6       0x16 e:/codeblocks-arduino baru/codeblocks/bin/../lib/gcc/avr/4.3.3/avr5\libgcc.a(_ctors.o)
                0x000000f6                __do_global_ctors
 *(.init6)
 *(.init7)
 *(.init7)
 *(.init8)
 *(.init8)
 *(.init9)
 .init9         0x0000010c        0x8 e:/codeblocks-arduino baru/codeblocks/bin/../lib/gcc/avr/4.3.3/../../../../avr/lib/avr5/crtm328p.o
 *(.init9)
 *(.text)
 .text          0x00000114        0x4 e:/codeblocks-arduino baru/codeblocks/bin/../lib/gcc/avr/4.3.3/../../../../avr/lib/avr5/crtm328p.o
                0x00000114                __vector_22
                0x00000114                __vector_1
                0x00000114                __vector_24
                0x00000114                __vector_12
                0x00000114                __bad_interrupt
                0x00000114                __vector_6
                0x00000114                __vector_3
                0x00000114                __vector_23
                0x00000114                __vector_25
                0x00000114                __vector_11
                0x00000114                __vector_13
                0x00000114                __vector_17
                0x00000114                __vector_7
                0x00000114                __vector_5
                0x00000114                __vector_4
                0x00000114                __vector_9
                0x00000114                __vector_2
                0x00000114                __vector_21
                0x00000114                __vector_15
                0x00000114                __vector_8
                0x00000114                __vector_14
                0x00000114                __vector_10
                0x00000114                __vector_20
                0x00000118                . = ALIGN (0x2)
 *(.text.*)
 .text.loop     0x00000118       0xfe build\ICStation_E003A.o
                0x00000118                loop
 .text.setup    0x00000216       0xae build\ICStation_E003A.o
                0x00000216                setup
 .text._Z11serialEventv
                0x000002c4        0x2 E:\Github for wgindows\ICStation_E003A\build\/core_duemilanove328_16.a(HardwareSerial.cpp.o)
                0x000002c4                serialEvent()
 .text.__vector_18
                0x000002c6       0x76 E:\Github for wgindows\ICStation_E003A\build\/core_duemilanove328_16.a(HardwareSerial.cpp.o)
                0x000002c6                __vector_18
 .text._Z14serialEventRunv
                0x0000033c       0x26 E:\Github for wgindows\ICStation_E003A\build\/core_duemilanove328_16.a(HardwareSerial.cpp.o)
                0x0000033c                serialEventRun()
 .text.__vector_19
                0x00000362       0x76 E:\Github for wgindows\ICStation_E003A\build\/core_duemilanove328_16.a(HardwareSerial.cpp.o)
                0x00000362                __vector_19
 .text._ZN14HardwareSerial5beginEm
                0x000003d8      0x10e E:\Github for wgindows\ICStation_E003A\build\/core_duemilanove328_16.a(HardwareSerial.cpp.o)
                0x000003d8                HardwareSerial::begin(unsigned long)
 .text._ZN14HardwareSerial9availableEv
                0x000004e6       0x22 E:\Github for wgindows\ICStation_E003A\build\/core_duemilanove328_16.a(HardwareSerial.cpp.o)
                0x000004e6                HardwareSerial::available()
 .text._ZN14HardwareSerial4peekEv
                0x00000508       0x40 E:\Github for wgindows\ICStation_E003A\build\/core_duemilanove328_16.a(HardwareSerial.cpp.o)
                0x00000508                HardwareSerial::peek()
 .text._ZN14HardwareSerial4readEv
                0x00000548       0x52 E:\Github for wgindows\ICStation_E003A\build\/core_duemilanove328_16.a(HardwareSerial.cpp.o)
                0x00000548                HardwareSerial::read()
 .text._ZN14HardwareSerial5flushEv
                0x0000059a       0x20 E:\Github for wgindows\ICStation_E003A\build\/core_duemilanove328_16.a(HardwareSerial.cpp.o)
                0x0000059a                HardwareSerial::flush()
 .text._ZN14HardwareSerial5writeEh
                0x000005ba       0x80 E:\Github for wgindows\ICStation_E003A\build\/core_duemilanove328_16.a(HardwareSerial.cpp.o)
                0x000005ba                HardwareSerial::write(unsigned char)
 .text._GLOBAL__I_rx_buffer
                0x0000063a       0xac E:\Github for wgindows\ICStation_E003A\build\/core_duemilanove328_16.a(HardwareSerial.cpp.o)
 .text.main     0x000006e6       0x1e E:\Github for wgindows\ICStation_E003A\build\/core_duemilanove328_16.a(main.cpp.o)
                0x000006e6                main
 .text._ZN5Print5writeEPKhj
                0x00000704       0x54 E:\Github for wgindows\ICStation_E003A\build\/core_duemilanove328_16.a(Print.cpp.o)
                0x00000704                Print::write(unsigned char const*, unsigned int)
 .text._ZN5Print7printlnEv
                0x00000758       0x40 E:\Github for wgindows\ICStation_E003A\build\/core_duemilanove328_16.a(Print.cpp.o)
                0x00000758                Print::println()
 .text._ZN5Print5writeEPKc
                0x00000798       0x38 E:\Github for wgindows\ICStation_E003A\build\/core_duemilanove328_16.a(Print.cpp.o)
                0x00000798                Print::write(char const*)
 .text._ZN5Print11printNumberEmh
                0x000007d0       0xc8 E:\Github for wgindows\ICStation_E003A\build\/core_duemilanove328_16.a(Print.cpp.o)
                0x000007d0                Print::printNumber(unsigned long, unsigned char)
 .text._ZN5Print5printEmi
                0x00000898       0x1e E:\Github for wgindows\ICStation_E003A\build\/core_duemilanove328_16.a(Print.cpp.o)
                0x00000898                Print::print(unsigned long, int)
 .text._ZN5Print7printlnEhi
                0x000008b6       0x3c E:\Github for wgindows\ICStation_E003A\build\/core_duemilanove328_16.a(Print.cpp.o)
                0x000008b6                Print::println(unsigned char, int)
 .text._ZN5Print5printEli
                0x000008f2       0x80 E:\Github for wgindows\ICStation_E003A\build\/core_duemilanove328_16.a(Print.cpp.o)
                0x000008f2                Print::print(long, int)
 .text._ZN5Print5printEPKc
                0x00000972        0x6 E:\Github for wgindows\ICStation_E003A\build\/core_duemilanove328_16.a(Print.cpp.o)
                0x00000972                Print::print(char const*)
 .text._ZN5Print10printFloatEdh
                0x00000978      0x1c8 E:\Github for wgindows\ICStation_E003A\build\/core_duemilanove328_16.a(Print.cpp.o)
                0x00000978                Print::printFloat(double, unsigned char)
 .text._ZN5Print5printEdi
                0x00000b40        0x6 E:\Github for wgindows\ICStation_E003A\build\/core_duemilanove328_16.a(Print.cpp.o)
                0x00000b40                Print::print(double, int)
 .text._ZN5Print7printlnEPKc
                0x00000b46       0x26 E:\Github for wgindows\ICStation_E003A\build\/core_duemilanove328_16.a(Print.cpp.o)
                0x00000b46                Print::println(char const*)
 .text.__vector_16
                0x00000b6c       0x90 E:\Github for wgindows\ICStation_E003A\build\/core_duemilanove328_16.a(wiring.c.o)
                0x00000b6c                __vector_16
 .text.micros   0x00000bfc       0x4c E:\Github for wgindows\ICStation_E003A\build\/core_duemilanove328_16.a(wiring.c.o)
                0x00000bfc                micros
 .text.delay    0x00000c48       0x4c E:\Github for wgindows\ICStation_E003A\build\/core_duemilanove328_16.a(wiring.c.o)
                0x00000c48                delay
 .text.init     0x00000c94       0x76 E:\Github for wgindows\ICStation_E003A\build\/core_duemilanove328_16.a(wiring.c.o)
                0x00000c94                init
 .text.analogRead
                0x00000d0a       0x44 E:\Github for wgindows\ICStation_E003A\build\/core_duemilanove328_16.a(wiring_analog.c.o)
                0x00000d0a                analogRead
 .text.pinMode  0x00000d4e       0x7e E:\Github for wgindows\ICStation_E003A\build\/core_duemilanove328_16.a(wiring_digital.c.o)
                0x00000d4e                pinMode
 .text.turnOffPWM
                0x00000dcc       0x5a E:\Github for wgindows\ICStation_E003A\build\/core_duemilanove328_16.a(wiring_digital.c.o)
 .text.digitalRead
                0x00000e26       0x60 E:\Github for wgindows\ICStation_E003A\build\/core_duemilanove328_16.a(wiring_digital.c.o)
                0x00000e26                digitalRead
 .text.fplib    0x00000e86        0xa e:/codeblocks-arduino baru/codeblocks/bin/../lib/gcc/avr/4.3.3/../../../../avr/lib/avr5\libm.a(addsf3.o)
                0x00000e86                __subsf3
                0x00000e88                __addsf3
 .text.fplib    0x00000e90       0xc0 e:/codeblocks-arduino baru/codeblocks/bin/../lib/gcc/avr/4.3.3/../../../../avr/lib/avr5\libm.a(addsf3x.o)
                0x00000eaa                __addsf3x
 .text.fplib    0x00000f50        0x8 e:/codeblocks-arduino baru/codeblocks/bin/../lib/gcc/avr/4.3.3/../../../../avr/lib/avr5\libm.a(cmpsf2.o)
                0x00000f50                __lesf2
                0x00000f50                __nesf2
                0x00000f50                __eqsf2
                0x00000f50                __cmpsf2
                0x00000f50                __ltsf2
 .text.fplib    0x00000f58        0x4 e:/codeblocks-arduino baru/codeblocks/bin/../lib/gcc/avr/4.3.3/../../../../avr/lib/avr5\libm.a(divsf3.o)
                0x00000f58                __divsf3
 .text.fplib    0x00000f5c       0xcc e:/codeblocks-arduino baru/codeblocks/bin/../lib/gcc/avr/4.3.3/../../../../avr/lib/avr5\libm.a(divsf3x.o)
                0x00000f72                __divsf3x
                0x00000f76                __divsf3_pse
 .text.fplib    0x00001028        0xa e:/codeblocks-arduino baru/codeblocks/bin/../lib/gcc/avr/4.3.3/../../../../avr/lib/avr5\libm.a(fixsfsi.o)
                0x00001028                __fixsfsi
 .text.fplib    0x00001032       0x58 e:/codeblocks-arduino baru/codeblocks/bin/../lib/gcc/avr/4.3.3/../../../../avr/lib/avr5\libm.a(fixunssfsi.o)
                0x00001032                __fixunssfsi
 .text.fplib    0x0000108a       0x7a e:/codeblocks-arduino baru/codeblocks/bin/../lib/gcc/avr/4.3.3/../../../../avr/lib/avr5\libm.a(floatsisf.o)
                0x0000108e                __floatsisf
                0x0000108a                __floatunsisf
 .text.fplib    0x00001104       0x48 e:/codeblocks-arduino baru/codeblocks/bin/../lib/gcc/avr/4.3.3/../../../../avr/lib/avr5\libm.a(fp_cmp.o)
                0x00001104                __fp_cmp
 .text.fplib    0x0000114c        0xc e:/codeblocks-arduino baru/codeblocks/bin/../lib/gcc/avr/4.3.3/../../../../avr/lib/avr5\libm.a(fp_inf.o)
                0x0000114c                __fp_inf
 .text.fplib    0x00001158        0x6 e:/codeblocks-arduino baru/codeblocks/bin/../lib/gcc/avr/4.3.3/../../../../avr/lib/avr5\libm.a(fp_nan.o)
                0x00001158                __fp_nan
 .text.fplib    0x0000115e        0xe e:/codeblocks-arduino baru/codeblocks/bin/../lib/gcc/avr/4.3.3/../../../../avr/lib/avr5\libm.a(fp_pscA.o)
                0x0000115e                __fp_pscA
 .text.fplib    0x0000116c        0xe e:/codeblocks-arduino baru/codeblocks/bin/../lib/gcc/avr/4.3.3/../../../../avr/lib/avr5\libm.a(fp_pscB.o)
                0x0000116c                __fp_pscB
 .text.fplib    0x0000117a       0x22 e:/codeblocks-arduino baru/codeblocks/bin/../lib/gcc/avr/4.3.3/../../../../avr/lib/avr5\libm.a(fp_round.o)
                0x0000117a                __fp_round
 .text.fplib    0x0000119c       0x44 e:/codeblocks-arduino baru/codeblocks/bin/../lib/gcc/avr/4.3.3/../../../../avr/lib/avr5\libm.a(fp_split3.o)
                0x0000119c                __fp_split3
                0x000011ac                __fp_splitA
 .text.fplib    0x000011e0        0xe e:/codeblocks-arduino baru/codeblocks/bin/../lib/gcc/avr/4.3.3/../../../../avr/lib/avr5\libm.a(fp_zero.o)
                0x000011e0                __fp_zero
                0x000011e2                __fp_szero
 .text.fplib    0x000011ee        0x8 e:/codeblocks-arduino baru/codeblocks/bin/../lib/gcc/avr/4.3.3/../../../../avr/lib/avr5\libm.a(gesf2.o)
                0x000011ee                __gtsf2
                0x000011ee                __gesf2
 .text.fplib    0x000011f6        0x4 e:/codeblocks-arduino baru/codeblocks/bin/../lib/gcc/avr/4.3.3/../../../../avr/lib/avr5\libm.a(mulsf3.o)
                0x000011f6                __mulsf3
 .text.fplib    0x000011fa       0xc2 e:/codeblocks-arduino baru/codeblocks/bin/../lib/gcc/avr/4.3.3/../../../../avr/lib/avr5\libm.a(mulsf3x.o)
                0x00001212                __mulsf3_pse
                0x0000120e                __mulsf3x
 .text.fplib    0x000012bc        0x8 e:/codeblocks-arduino baru/codeblocks/bin/../lib/gcc/avr/4.3.3/../../../../avr/lib/avr5\libm.a(unordsf2.o)
                0x000012bc                __unordsf2
 .text.libgcc   0x000012c4       0x3e e:/codeblocks-arduino baru/codeblocks/bin/../lib/gcc/avr/4.3.3/avr5\libgcc.a(_mulsi3.o)
                0x000012c4                __mulsi3
 .text.libgcc   0x00001302       0x44 e:/codeblocks-arduino baru/codeblocks/bin/../lib/gcc/avr/4.3.3/avr5\libgcc.a(_udivmodsi4.o)
                0x00001302                __udivmodsi4
 .text.libgcc   0x00001346        0xc e:/codeblocks-arduino baru/codeblocks/bin/../lib/gcc/avr/4.3.3/avr5\libgcc.a(_tablejump.o)
                0x0000134a                __tablejump__
                0x00001346                __tablejump2__
                0x00001352                . = ALIGN (0x2)
 *(.fini9)
 .fini9         0x00001352        0x0 e:/codeblocks-arduino baru/codeblocks/bin/../lib/gcc/avr/4.3.3/avr5\libgcc.a(_exit.o)
                0x00001352                exit
                0x00001352                _exit
 *(.fini9)
 *(.fini8)
 *(.fini8)
 *(.fini7)
 *(.fini7)
 *(.fini6)
 *(.fini6)
 *(.fini5)
 *(.fini5)
 *(.fini4)
 *(.fini4)
 *(.fini3)
 *(.fini3)
 *(.fini2)
 *(.fini2)
 *(.fini1)
 *(.fini1)
 *(.fini0)
 .fini0         0x00001352        0x4 e:/codeblocks-arduino baru/codeblocks/bin/../lib/gcc/avr/4.3.3/avr5\libgcc.a(_exit.o)
 *(.fini0)
                0x00001356                _etext = .

.data           0x00800100      0x2a2 load address 0x00001356
                0x00800100                PROVIDE (__data_start, .)
 *(.data)
 .data          0x00800100      0x283 build\ICStation_E003A.o
 .data          0x00800383        0xe E:\Github for wgindows\ICStation_E003A\build\/core_duemilanove328_16.a(Print.cpp.o)
 *(.data*)
 .data.analog_reference
                0x00800391        0x1 E:\Github for wgindows\ICStation_E003A\build\/core_duemilanove328_16.a(wiring_analog.c.o)
                0x00800391                analog_reference
 *(.rodata)
 *(.rodata*)
 .rodata._ZTV14HardwareSerial
                0x00800392       0x10 E:\Github for wgindows\ICStation_E003A\build\/core_duemilanove328_16.a(HardwareSerial.cpp.o)
                0x00800392                vtable for HardwareSerial
 *(.gnu.linkonce.d*)
                0x008003a2                . = ALIGN (0x2)
                0x008003a2                _edata = .
                0x008003a2                PROVIDE (__data_end, .)

.bss            0x008003a2       0xbb
                0x008003a2                PROVIDE (__bss_start, .)
 *(.bss)
 *(.bss*)
 .bss.sum       0x008003a2        0x2 build\ICStation_E003A.o
                0x008003a2                sum
 .bss.sample_count
                0x008003a4        0x1 build\ICStation_E003A.o
                0x008003a4                sample_count
 .bss.voltage   0x008003a5        0x4 build\ICStation_E003A.o
                0x008003a5                voltage
 .bss.decision  0x008003a9        0x1 build\ICStation_E003A.o
                0x008003a9                decision
 .bss.rx_buffer
                0x008003aa       0x44 E:\Github for wgindows\ICStation_E003A\build\/core_duemilanove328_16.a(HardwareSerial.cpp.o)
                0x008003aa                rx_buffer
 .bss.tx_buffer
                0x008003ee       0x44 E:\Github for wgindows\ICStation_E003A\build\/core_duemilanove328_16.a(HardwareSerial.cpp.o)
                0x008003ee                tx_buffer
 .bss.Serial    0x00800432       0x22 E:\Github for wgindows\ICStation_E003A\build\/core_duemilanove328_16.a(HardwareSerial.cpp.o)
                0x00800432                Serial
 .bss.timer0_overflow_count
                0x00800454        0x4 E:\Github for wgindows\ICStation_E003A\build\/core_duemilanove328_16.a(wiring.c.o)
                0x00800454                timer0_overflow_count
 .bss.timer0_millis
                0x00800458        0x4 E:\Github for wgindows\ICStation_E003A\build\/core_duemilanove328_16.a(wiring.c.o)
                0x00800458                timer0_millis
 .bss.timer0_fract
                0x0080045c        0x1 E:\Github for wgindows\ICStation_E003A\build\/core_duemilanove328_16.a(wiring.c.o)
 *(COMMON)
                0x0080045d                PROVIDE (__bss_end, .)
                0x00001356                __data_load_start = LOADADDR (.data)
                0x000015f8                __data_load_end = (__data_load_start + SIZEOF (.data))

.noinit         0x0080045d        0x0
                0x0080045d                PROVIDE (__noinit_start, .)
 *(.noinit*)
                0x0080045d                PROVIDE (__noinit_end, .)
                0x0080045d                _end = .
                0x0080045d                PROVIDE (__heap_start, .)

.eeprom         0x00810000        0x0
 *(.eeprom*)
                0x00810000                __eeprom_end = .

.fuse
 *(.fuse)
 *(.lfuse)
 *(.hfuse)
 *(.efuse)

.lock
 *(.lock*)

.signature
 *(.signature*)

.stab
 *(.stab)

.stabstr
 *(.stabstr)

.stab.excl
 *(.stab.excl)

.stab.exclstr
 *(.stab.exclstr)

.stab.index
 *(.stab.index)

.stab.indexstr
 *(.stab.indexstr)

.comment
 *(.comment)

.debug
 *(.debug)

.line
 *(.line)

.debug_srcinfo
 *(.debug_srcinfo)

.debug_sfnames
 *(.debug_sfnames)

.debug_aranges
 *(.debug_aranges)

.debug_pubnames
 *(.debug_pubnames)

.debug_info
 *(.debug_info)
 *(.gnu.linkonce.wi.*)

.debug_abbrev
 *(.debug_abbrev)

.debug_line
 *(.debug_line)

.debug_frame
 *(.debug_frame)

.debug_str
 *(.debug_str)

.debug_loc
 *(.debug_loc)

.debug_macinfo
 *(.debug_macinfo)
OUTPUT(build\ICStation_E003A_duemilanove328.elf elf32-avr)
LOAD linker stubs

Cross Reference Table

Symbol                                            File
HardwareSerial::HardwareSerial(ring_buffer*, ring_buffer*, unsigned char volatile*, unsigned char volatile*, unsigned char volatile*, unsigned char volatile*, unsigned char volatile*, unsigned char volatile*, unsigned char, unsigned char, unsigned char, unsigned char, unsigned char) E:\Github for wgindows\ICStation_E003A\build\/core_duemilanove328_16.a(HardwareSerial.cpp.o)
HardwareSerial::HardwareSerial(ring_buffer*, ring_buffer*, unsigned char volatile*, unsigned char volatile*, unsigned char volatile*, unsigned char volatile*, unsigned char volatile*, unsigned char volatile*, unsigned char, unsigned char, unsigned char, unsigned char, unsigned char) E:\Github for wgindows\ICStation_E003A\build\/core_duemilanove328_16.a(HardwareSerial.cpp.o)
HardwareSerial::available()                       E:\Github for wgindows\ICStation_E003A\build\/core_duemilanove328_16.a(HardwareSerial.cpp.o)
HardwareSerial::begin(unsigned long)              E:\Github for wgindows\ICStation_E003A\build\/core_duemilanove328_16.a(HardwareSerial.cpp.o)
                                                  build\ICStation_E003A.o
HardwareSerial::begin(unsigned long, unsigned char) E:\Github for wgindows\ICStation_E003A\build\/core_duemilanove328_16.a(HardwareSerial.cpp.o)
HardwareSerial::end()                             E:\Github for wgindows\ICStation_E003A\build\/core_duemilanove328_16.a(HardwareSerial.cpp.o)
HardwareSerial::flush()                           E:\Github for wgindows\ICStation_E003A\build\/core_duemilanove328_16.a(HardwareSerial.cpp.o)
HardwareSerial::operator bool()                   E:\Github for wgindows\ICStation_E003A\build\/core_duemilanove328_16.a(HardwareSerial.cpp.o)
HardwareSerial::peek()                            E:\Github for wgindows\ICStation_E003A\build\/core_duemilanove328_16.a(HardwareSerial.cpp.o)
HardwareSerial::read()                            E:\Github for wgindows\ICStation_E003A\build\/core_duemilanove328_16.a(HardwareSerial.cpp.o)
HardwareSerial::write(unsigned char)              E:\Github for wgindows\ICStation_E003A\build\/core_duemilanove328_16.a(HardwareSerial.cpp.o)
Print::print(Printable const&)                    E:\Github for wgindows\ICStation_E003A\build\/core_duemilanove328_16.a(Print.cpp.o)
Print::print(String const&)                       E:\Github for wgindows\ICStation_E003A\build\/core_duemilanove328_16.a(Print.cpp.o)
Print::print(__FlashStringHelper const*)          E:\Github for wgindows\ICStation_E003A\build\/core_duemilanove328_16.a(Print.cpp.o)
Print::print(char const*)                         E:\Github for wgindows\ICStation_E003A\build\/core_duemilanove328_16.a(Print.cpp.o)
                                                  build\ICStation_E003A.o
Print::print(char)                                E:\Github for wgindows\ICStation_E003A\build\/core_duemilanove328_16.a(Print.cpp.o)
Print::print(double, int)                         E:\Github for wgindows\ICStation_E003A\build\/core_duemilanove328_16.a(Print.cpp.o)
                                                  build\ICStation_E003A.o
Print::print(int, int)                            E:\Github for wgindows\ICStation_E003A\build\/core_duemilanove328_16.a(Print.cpp.o)
Print::print(long, int)                           E:\Github for wgindows\ICStation_E003A\build\/core_duemilanove328_16.a(Print.cpp.o)
Print::print(unsigned char, int)                  E:\Github for wgindows\ICStation_E003A\build\/core_duemilanove328_16.a(Print.cpp.o)
Print::print(unsigned int, int)                   E:\Github for wgindows\ICStation_E003A\build\/core_duemilanove328_16.a(Print.cpp.o)
Print::print(unsigned long, int)                  E:\Github for wgindows\ICStation_E003A\build\/core_duemilanove328_16.a(Print.cpp.o)
Print::printFloat(double, unsigned char)          E:\Github for wgindows\ICStation_E003A\build\/core_duemilanove328_16.a(Print.cpp.o)
Print::printNumber(unsigned long, unsigned char)  E:\Github for wgindows\ICStation_E003A\build\/core_duemilanove328_16.a(Print.cpp.o)
Print::println()                                  E:\Github for wgindows\ICStation_E003A\build\/core_duemilanove328_16.a(Print.cpp.o)
                                                  build\ICStation_E003A.o
Print::println(Printable const&)                  E:\Github for wgindows\ICStation_E003A\build\/core_duemilanove328_16.a(Print.cpp.o)
Print::println(String const&)                     E:\Github for wgindows\ICStation_E003A\build\/core_duemilanove328_16.a(Print.cpp.o)
Print::println(__FlashStringHelper const*)        E:\Github for wgindows\ICStation_E003A\build\/core_duemilanove328_16.a(Print.cpp.o)
Print::println(char const*)                       E:\Github for wgindows\ICStation_E003A\build\/core_duemilanove328_16.a(Print.cpp.o)
                                                  build\ICStation_E003A.o
Print::println(char)                              E:\Github for wgindows\ICStation_E003A\build\/core_duemilanove328_16.a(Print.cpp.o)
Print::println(double, int)                       E:\Github for wgindows\ICStation_E003A\build\/core_duemilanove328_16.a(Print.cpp.o)
Print::println(int, int)                          E:\Github for wgindows\ICStation_E003A\build\/core_duemilanove328_16.a(Print.cpp.o)
Print::println(long, int)                         E:\Github for wgindows\ICStation_E003A\build\/core_duemilanove328_16.a(Print.cpp.o)
Print::println(unsigned char, int)                E:\Github for wgindows\ICStation_E003A\build\/core_duemilanove328_16.a(Print.cpp.o)
                                                  build\ICStation_E003A.o
Print::println(unsigned int, int)                 E:\Github for wgindows\ICStation_E003A\build\/core_duemilanove328_16.a(Print.cpp.o)
Print::println(unsigned long, int)                E:\Github for wgindows\ICStation_E003A\build\/core_duemilanove328_16.a(Print.cpp.o)
Print::write(char const*)                         E:\Github for wgindows\ICStation_E003A\build\/core_duemilanove328_16.a(Print.cpp.o)
Print::write(unsigned char const*, unsigned int)  E:\Github for wgindows\ICStation_E003A\build\/core_duemilanove328_16.a(Print.cpp.o)
                                                  E:\Github for wgindows\ICStation_E003A\build\/core_duemilanove328_16.a(HardwareSerial.cpp.o)
Serial                                            E:\Github for wgindows\ICStation_E003A\build\/core_duemilanove328_16.a(HardwareSerial.cpp.o)
                                                  build\ICStation_E003A.o
String::String(String const&)                     E:\Github for wgindows\ICStation_E003A\build\/core_duemilanove328_16.a(WString.cpp.o)
String::String(String const&)                     E:\Github for wgindows\ICStation_E003A\build\/core_duemilanove328_16.a(WString.cpp.o)
String::String(char const*)                       E:\Github for wgindows\ICStation_E003A\build\/core_duemilanove328_16.a(WString.cpp.o)
String::String(char const*)                       E:\Github for wgindows\ICStation_E003A\build\/core_duemilanove328_16.a(WString.cpp.o)
String::String(char)                              E:\Github for wgindows\ICStation_E003A\build\/core_duemilanove328_16.a(WString.cpp.o)
String::String(char)                              E:\Github for wgindows\ICStation_E003A\build\/core_duemilanove328_16.a(WString.cpp.o)
String::String(int, unsigned char)                E:\Github for wgindows\ICStation_E003A\build\/core_duemilanove328_16.a(WString.cpp.o)
String::String(int, unsigned char)                E:\Github for wgindows\ICStation_E003A\build\/core_duemilanove328_16.a(WString.cpp.o)
String::String(long, unsigned char)               E:\Github for wgindows\ICStation_E003A\build\/core_duemilanove328_16.a(WString.cpp.o)
String::String(long, unsigned char)               E:\Github for wgindows\ICStation_E003A\build\/core_duemilanove328_16.a(WString.cpp.o)
String::String(unsigned char, unsigned char)      E:\Github for wgindows\ICStation_E003A\build\/core_duemilanove328_16.a(WString.cpp.o)
String::String(unsigned char, unsigned char)      E:\Github for wgindows\ICStation_E003A\build\/core_duemilanove328_16.a(WString.cpp.o)
String::String(unsigned int, unsigned char)       E:\Github for wgindows\ICStation_E003A\build\/core_duemilanove328_16.a(WString.cpp.o)
String::String(unsigned int, unsigned char)       E:\Github for wgindows\ICStation_E003A\build\/core_duemilanove328_16.a(WString.cpp.o)
String::String(unsigned long, unsigned char)      E:\Github for wgindows\ICStation_E003A\build\/core_duemilanove328_16.a(WString.cpp.o)
String::String(unsigned long, unsigned char)      E:\Github for wgindows\ICStation_E003A\build\/core_duemilanove328_16.a(WString.cpp.o)
String::changeBuffer(unsigned int)                E:\Github for wgindows\ICStation_E003A\build\/core_duemilanove328_16.a(WString.cpp.o)
String::charAt(unsigned int) const                E:\Github for wgindows\ICStation_E003A\build\/core_duemilanove328_16.a(WString.cpp.o)
String::compareTo(String const&) const            E:\Github for wgindows\ICStation_E003A\build\/core_duemilanove328_16.a(WString.cpp.o)
String::concat(String const&)                     E:\Github for wgindows\ICStation_E003A\build\/core_duemilanove328_16.a(WString.cpp.o)
String::concat(char const*)                       E:\Github for wgindows\ICStation_E003A\build\/core_duemilanove328_16.a(WString.cpp.o)
String::concat(char const*, unsigned int)         E:\Github for wgindows\ICStation_E003A\build\/core_duemilanove328_16.a(WString.cpp.o)
String::concat(char)                              E:\Github for wgindows\ICStation_E003A\build\/core_duemilanove328_16.a(WString.cpp.o)
String::concat(int)                               E:\Github for wgindows\ICStation_E003A\build\/core_duemilanove328_16.a(WString.cpp.o)
String::concat(long)                              E:\Github for wgindows\ICStation_E003A\build\/core_duemilanove328_16.a(WString.cpp.o)
String::concat(unsigned char)                     E:\Github for wgindows\ICStation_E003A\build\/core_duemilanove328_16.a(WString.cpp.o)
String::concat(unsigned int)                      E:\Github for wgindows\ICStation_E003A\build\/core_duemilanove328_16.a(WString.cpp.o)
String::concat(unsigned long)                     E:\Github for wgindows\ICStation_E003A\build\/core_duemilanove328_16.a(WString.cpp.o)
String::copy(char const*, unsigned int)           E:\Github for wgindows\ICStation_E003A\build\/core_duemilanove328_16.a(WString.cpp.o)
String::endsWith(String const&) const             E:\Github for wgindows\ICStation_E003A\build\/core_duemilanove328_16.a(WString.cpp.o)
String::equals(String const&) const               E:\Github for wgindows\ICStation_E003A\build\/core_duemilanove328_16.a(WString.cpp.o)
String::equals(char const*) const                 E:\Github for wgindows\ICStation_E003A\build\/core_duemilanove328_16.a(WString.cpp.o)
String::equalsIgnoreCase(String const&) const     E:\Github for wgindows\ICStation_E003A\build\/core_duemilanove328_16.a(WString.cpp.o)
String::getBytes(unsigned char*, unsigned int, unsigned int) const E:\Github for wgindows\ICStation_E003A\build\/core_duemilanove328_16.a(WString.cpp.o)
String::indexOf(String const&) const              E:\Github for wgindows\ICStation_E003A\build\/core_duemilanove328_16.a(WString.cpp.o)
String::indexOf(String const&, unsigned int) const E:\Github for wgindows\ICStation_E003A\build\/core_duemilanove328_16.a(WString.cpp.o)
String::indexOf(char) const                       E:\Github for wgindows\ICStation_E003A\build\/core_duemilanove328_16.a(WString.cpp.o)
String::indexOf(char, unsigned int) const         E:\Github for wgindows\ICStation_E003A\build\/core_duemilanove328_16.a(WString.cpp.o)
String::invalidate()                              E:\Github for wgindows\ICStation_E003A\build\/core_duemilanove328_16.a(WString.cpp.o)
String::lastIndexOf(String const&) const          E:\Github for wgindows\ICStation_E003A\build\/core_duemilanove328_16.a(WString.cpp.o)
String::lastIndexOf(String const&, unsigned int) const E:\Github for wgindows\ICStation_E003A\build\/core_duemilanove328_16.a(WString.cpp.o)
String::lastIndexOf(char) const                   E:\Github for wgindows\ICStation_E003A\build\/core_duemilanove328_16.a(WString.cpp.o)
String::lastIndexOf(char, unsigned int) const     E:\Github for wgindows\ICStation_E003A\build\/core_duemilanove328_16.a(WString.cpp.o)
String::operator<(String const&) const            E:\Github for wgindows\ICStation_E003A\build\/core_duemilanove328_16.a(WString.cpp.o)
String::operator<=(String const&) const           E:\Github for wgindows\ICStation_E003A\build\/core_duemilanove328_16.a(WString.cpp.o)
String::operator=(String const&)                  E:\Github for wgindows\ICStation_E003A\build\/core_duemilanove328_16.a(WString.cpp.o)
String::operator=(char const*)                    E:\Github for wgindows\ICStation_E003A\build\/core_duemilanove328_16.a(WString.cpp.o)
String::operator>(String const&) const            E:\Github for wgindows\ICStation_E003A\build\/core_duemilanove328_16.a(WString.cpp.o)
String::operator>=(String const&) const           E:\Github for wgindows\ICStation_E003A\build\/core_duemilanove328_16.a(WString.cpp.o)
String::operator[](unsigned int)                  E:\Github for wgindows\ICStation_E003A\build\/core_duemilanove328_16.a(WString.cpp.o)
String::operator[](unsigned int) const            E:\Github for wgindows\ICStation_E003A\build\/core_duemilanove328_16.a(WString.cpp.o)
                                                  E:\Github for wgindows\ICStation_E003A\build\/core_duemilanove328_16.a(Print.cpp.o)
String::replace(String const&, String const&)     E:\Github for wgindows\ICStation_E003A\build\/core_duemilanove328_16.a(WString.cpp.o)
String::replace(char, char)                       E:\Github for wgindows\ICStation_E003A\build\/core_duemilanove328_16.a(WString.cpp.o)
String::reserve(unsigned int)                     E:\Github for wgindows\ICStation_E003A\build\/core_duemilanove328_16.a(WString.cpp.o)
String::setCharAt(unsigned int, char)             E:\Github for wgindows\ICStation_E003A\build\/core_duemilanove328_16.a(WString.cpp.o)
String::startsWith(String const&) const           E:\Github for wgindows\ICStation_E003A\build\/core_duemilanove328_16.a(WString.cpp.o)
String::startsWith(String const&, unsigned int) const E:\Github for wgindows\ICStation_E003A\build\/core_duemilanove328_16.a(WString.cpp.o)
String::substring(unsigned int) const             E:\Github for wgindows\ICStation_E003A\build\/core_duemilanove328_16.a(WString.cpp.o)
String::substring(unsigned int, unsigned int) const E:\Github for wgindows\ICStation_E003A\build\/core_duemilanove328_16.a(WString.cpp.o)
String::toInt() const                             E:\Github for wgindows\ICStation_E003A\build\/core_duemilanove328_16.a(WString.cpp.o)
String::toLowerCase()                             E:\Github for wgindows\ICStation_E003A\build\/core_duemilanove328_16.a(WString.cpp.o)
String::toUpperCase()                             E:\Github for wgindows\ICStation_E003A\build\/core_duemilanove328_16.a(WString.cpp.o)
String::trim()                                    E:\Github for wgindows\ICStation_E003A\build\/core_duemilanove328_16.a(WString.cpp.o)
String::~String()                                 E:\Github for wgindows\ICStation_E003A\build\/core_duemilanove328_16.a(WString.cpp.o)
String::~String()                                 E:\Github for wgindows\ICStation_E003A\build\/core_duemilanove328_16.a(WString.cpp.o)
__addsf3                                          e:/codeblocks-arduino baru/codeblocks/bin/../lib/gcc/avr/4.3.3/../../../../avr/lib/avr5\libm.a(addsf3.o)
                                                  E:\Github for wgindows\ICStation_E003A\build\/core_duemilanove328_16.a(Print.cpp.o)
__addsf3x                                         e:/codeblocks-arduino baru/codeblocks/bin/../lib/gcc/avr/4.3.3/../../../../avr/lib/avr5\libm.a(addsf3x.o)
                                                  e:/codeblocks-arduino baru/codeblocks/bin/../lib/gcc/avr/4.3.3/../../../../avr/lib/avr5\libm.a(addsf3.o)
__bad_interrupt                                   e:/codeblocks-arduino baru/codeblocks/bin/../lib/gcc/avr/4.3.3/../../../../avr/lib/avr5/crtm328p.o
__brkval                                          e:/codeblocks-arduino baru/codeblocks/bin/../lib/gcc/avr/4.3.3/../../../../avr/lib/avr5\libc.a(realloc.o)
                                                  e:/codeblocks-arduino baru/codeblocks/bin/../lib/gcc/avr/4.3.3/../../../../avr/lib/avr5\libc.a(malloc.o)
__bss_end                                         e:/codeblocks-arduino baru/codeblocks/bin/../lib/gcc/avr/4.3.3/avr5\libgcc.a(_clear_bss.o)
__bss_start                                       e:/codeblocks-arduino baru/codeblocks/bin/../lib/gcc/avr/4.3.3/avr5\libgcc.a(_clear_bss.o)
__cmpsf2                                          e:/codeblocks-arduino baru/codeblocks/bin/../lib/gcc/avr/4.3.3/../../../../avr/lib/avr5\libm.a(cmpsf2.o)
__ctors_end                                       e:/codeblocks-arduino baru/codeblocks/bin/../lib/gcc/avr/4.3.3/avr5\libgcc.a(_ctors.o)
__ctors_start                                     e:/codeblocks-arduino baru/codeblocks/bin/../lib/gcc/avr/4.3.3/avr5\libgcc.a(_ctors.o)
__ctype_isfalse                                   e:/codeblocks-arduino baru/codeblocks/bin/../lib/gcc/avr/4.3.3/../../../../avr/lib/avr5\libc.a(cty_isfalse.o)
                                                  e:/codeblocks-arduino baru/codeblocks/bin/../lib/gcc/avr/4.3.3/../../../../avr/lib/avr5\libc.a(isspace.o)
__ctype_istrue                                    e:/codeblocks-arduino baru/codeblocks/bin/../lib/gcc/avr/4.3.3/../../../../avr/lib/avr5\libc.a(cty_isfalse.o)
__cxa_guard_abort                                 E:\Github for wgindows\ICStation_E003A\build\/core_duemilanove328_16.a(new.cpp.o)
__cxa_guard_acquire                               E:\Github for wgindows\ICStation_E003A\build\/core_duemilanove328_16.a(new.cpp.o)
__cxa_guard_release                               E:\Github for wgindows\ICStation_E003A\build\/core_duemilanove328_16.a(new.cpp.o)
__cxa_pure_virtual                                E:\Github for wgindows\ICStation_E003A\build\/core_duemilanove328_16.a(new.cpp.o)
                                                  E:\Github for wgindows\ICStation_E003A\build\/core_duemilanove328_16.a(Print.cpp.o)
                                                  E:\Github for wgindows\ICStation_E003A\build\/core_duemilanove328_16.a(HardwareSerial.cpp.o)
__data_end                                        e:/codeblocks-arduino baru/codeblocks/bin/../lib/gcc/avr/4.3.3/avr5\libgcc.a(_copy_data.o)
__data_load_start                                 e:/codeblocks-arduino baru/codeblocks/bin/../lib/gcc/avr/4.3.3/avr5\libgcc.a(_copy_data.o)
__data_start                                      e:/codeblocks-arduino baru/codeblocks/bin/../lib/gcc/avr/4.3.3/avr5\libgcc.a(_copy_data.o)
__divsf3                                          e:/codeblocks-arduino baru/codeblocks/bin/../lib/gcc/avr/4.3.3/../../../../avr/lib/avr5\libm.a(divsf3.o)
                                                  E:\Github for wgindows\ICStation_E003A\build\/core_duemilanove328_16.a(Print.cpp.o)
                                                  build\ICStation_E003A.o
__divsf3_pse                                      e:/codeblocks-arduino baru/codeblocks/bin/../lib/gcc/avr/4.3.3/../../../../avr/lib/avr5\libm.a(divsf3x.o)
__divsf3x                                         e:/codeblocks-arduino baru/codeblocks/bin/../lib/gcc/avr/4.3.3/../../../../avr/lib/avr5\libm.a(divsf3x.o)
                                                  e:/codeblocks-arduino baru/codeblocks/bin/../lib/gcc/avr/4.3.3/../../../../avr/lib/avr5\libm.a(divsf3.o)
__do_clear_bss                                    e:/codeblocks-arduino baru/codeblocks/bin/../lib/gcc/avr/4.3.3/avr5\libgcc.a(_clear_bss.o)
                                                  e:/codeblocks-arduino baru/codeblocks/bin/../lib/gcc/avr/4.3.3/../../../../avr/lib/avr5\libc.a(realloc.o)
                                                  e:/codeblocks-arduino baru/codeblocks/bin/../lib/gcc/avr/4.3.3/../../../../avr/lib/avr5\libc.a(malloc.o)
                                                  E:\Github for wgindows\ICStation_E003A\build\/core_duemilanove328_16.a(WString.cpp.o)
                                                  E:\Github for wgindows\ICStation_E003A\build\/core_duemilanove328_16.a(wiring.c.o)
                                                  E:\Github for wgindows\ICStation_E003A\build\/core_duemilanove328_16.a(HardwareSerial.cpp.o)
                                                  build\ICStation_E003A.o
__do_copy_data                                    e:/codeblocks-arduino baru/codeblocks/bin/../lib/gcc/avr/4.3.3/avr5\libgcc.a(_copy_data.o)
                                                  e:/codeblocks-arduino baru/codeblocks/bin/../lib/gcc/avr/4.3.3/../../../../avr/lib/avr5\libc.a(realloc.o)
                                                  e:/codeblocks-arduino baru/codeblocks/bin/../lib/gcc/avr/4.3.3/../../../../avr/lib/avr5\libc.a(malloc.o)
                                                  E:\Github for wgindows\ICStation_E003A\build\/core_duemilanove328_16.a(WString.cpp.o)
                                                  E:\Github for wgindows\ICStation_E003A\build\/core_duemilanove328_16.a(wiring_analog.c.o)
                                                  E:\Github for wgindows\ICStation_E003A\build\/core_duemilanove328_16.a(Print.cpp.o)
                                                  E:\Github for wgindows\ICStation_E003A\build\/core_duemilanove328_16.a(HardwareSerial.cpp.o)
                                                  build\ICStation_E003A.o
__do_global_ctors                                 e:/codeblocks-arduino baru/codeblocks/bin/../lib/gcc/avr/4.3.3/avr5\libgcc.a(_ctors.o)
                                                  E:\Github for wgindows\ICStation_E003A\build\/core_duemilanove328_16.a(HardwareSerial.cpp.o)
__epilogue_restores__                             e:/codeblocks-arduino baru/codeblocks/bin/../lib/gcc/avr/4.3.3/avr5\libgcc.a(_epilogue.o)
                                                  e:/codeblocks-arduino baru/codeblocks/bin/../lib/gcc/avr/4.3.3/../../../../avr/lib/avr5\libc.a(realloc.o)
__eqsf2                                           e:/codeblocks-arduino baru/codeblocks/bin/../lib/gcc/avr/4.3.3/../../../../avr/lib/avr5\libm.a(cmpsf2.o)
__fixsfsi                                         e:/codeblocks-arduino baru/codeblocks/bin/../lib/gcc/avr/4.3.3/../../../../avr/lib/avr5\libm.a(fixsfsi.o)
                                                  E:\Github for wgindows\ICStation_E003A\build\/core_duemilanove328_16.a(Print.cpp.o)
__fixunssfsi                                      e:/codeblocks-arduino baru/codeblocks/bin/../lib/gcc/avr/4.3.3/../../../../avr/lib/avr5\libm.a(fixunssfsi.o)
                                                  e:/codeblocks-arduino baru/codeblocks/bin/../lib/gcc/avr/4.3.3/../../../../avr/lib/avr5\libm.a(fixsfsi.o)
                                                  E:\Github for wgindows\ICStation_E003A\build\/core_duemilanove328_16.a(Print.cpp.o)
__floatsisf                                       e:/codeblocks-arduino baru/codeblocks/bin/../lib/gcc/avr/4.3.3/../../../../avr/lib/avr5\libm.a(floatsisf.o)
                                                  E:\Github for wgindows\ICStation_E003A\build\/core_duemilanove328_16.a(Print.cpp.o)
                                                  build\ICStation_E003A.o
__floatunsisf                                     e:/codeblocks-arduino baru/codeblocks/bin/../lib/gcc/avr/4.3.3/../../../../avr/lib/avr5\libm.a(floatsisf.o)
                                                  E:\Github for wgindows\ICStation_E003A\build\/core_duemilanove328_16.a(Print.cpp.o)
__flp                                             e:/codeblocks-arduino baru/codeblocks/bin/../lib/gcc/avr/4.3.3/../../../../avr/lib/avr5\libc.a(realloc.o)
                                                  e:/codeblocks-arduino baru/codeblocks/bin/../lib/gcc/avr/4.3.3/../../../../avr/lib/avr5\libc.a(malloc.o)
__fp_cmp                                          e:/codeblocks-arduino baru/codeblocks/bin/../lib/gcc/avr/4.3.3/../../../../avr/lib/avr5\libm.a(fp_cmp.o)
                                                  e:/codeblocks-arduino baru/codeblocks/bin/../lib/gcc/avr/4.3.3/../../../../avr/lib/avr5\libm.a(unordsf2.o)
                                                  e:/codeblocks-arduino baru/codeblocks/bin/../lib/gcc/avr/4.3.3/../../../../avr/lib/avr5\libm.a(gesf2.o)
                                                  e:/codeblocks-arduino baru/codeblocks/bin/../lib/gcc/avr/4.3.3/../../../../avr/lib/avr5\libm.a(cmpsf2.o)
__fp_inf                                          e:/codeblocks-arduino baru/codeblocks/bin/../lib/gcc/avr/4.3.3/../../../../avr/lib/avr5\libm.a(fp_inf.o)
                                                  e:/codeblocks-arduino baru/codeblocks/bin/../lib/gcc/avr/4.3.3/../../../../avr/lib/avr5\libm.a(mulsf3x.o)
                                                  e:/codeblocks-arduino baru/codeblocks/bin/../lib/gcc/avr/4.3.3/../../../../avr/lib/avr5\libm.a(divsf3x.o)
                                                  e:/codeblocks-arduino baru/codeblocks/bin/../lib/gcc/avr/4.3.3/../../../../avr/lib/avr5\libm.a(addsf3x.o)
__fp_nan                                          e:/codeblocks-arduino baru/codeblocks/bin/../lib/gcc/avr/4.3.3/../../../../avr/lib/avr5\libm.a(fp_nan.o)
                                                  e:/codeblocks-arduino baru/codeblocks/bin/../lib/gcc/avr/4.3.3/../../../../avr/lib/avr5\libm.a(mulsf3x.o)
                                                  e:/codeblocks-arduino baru/codeblocks/bin/../lib/gcc/avr/4.3.3/../../../../avr/lib/avr5\libm.a(divsf3x.o)
                                                  e:/codeblocks-arduino baru/codeblocks/bin/../lib/gcc/avr/4.3.3/../../../../avr/lib/avr5\libm.a(addsf3x.o)
__fp_pscA                                         e:/codeblocks-arduino baru/codeblocks/bin/../lib/gcc/avr/4.3.3/../../../../avr/lib/avr5\libm.a(fp_pscA.o)
                                                  e:/codeblocks-arduino baru/codeblocks/bin/../lib/gcc/avr/4.3.3/../../../../avr/lib/avr5\libm.a(mulsf3x.o)
                                                  e:/codeblocks-arduino baru/codeblocks/bin/../lib/gcc/avr/4.3.3/../../../../avr/lib/avr5\libm.a(divsf3x.o)
                                                  e:/codeblocks-arduino baru/codeblocks/bin/../lib/gcc/avr/4.3.3/../../../../avr/lib/avr5\libm.a(addsf3x.o)
__fp_pscB                                         e:/codeblocks-arduino baru/codeblocks/bin/../lib/gcc/avr/4.3.3/../../../../avr/lib/avr5\libm.a(fp_pscB.o)
                                                  e:/codeblocks-arduino baru/codeblocks/bin/../lib/gcc/avr/4.3.3/../../../../avr/lib/avr5\libm.a(mulsf3x.o)
                                                  e:/codeblocks-arduino baru/codeblocks/bin/../lib/gcc/avr/4.3.3/../../../../avr/lib/avr5\libm.a(divsf3x.o)
                                                  e:/codeblocks-arduino baru/codeblocks/bin/../lib/gcc/avr/4.3.3/../../../../avr/lib/avr5\libm.a(addsf3x.o)
__fp_round                                        e:/codeblocks-arduino baru/codeblocks/bin/../lib/gcc/avr/4.3.3/../../../../avr/lib/avr5\libm.a(fp_round.o)
                                                  e:/codeblocks-arduino baru/codeblocks/bin/../lib/gcc/avr/4.3.3/../../../../avr/lib/avr5\libm.a(mulsf3.o)
                                                  e:/codeblocks-arduino baru/codeblocks/bin/../lib/gcc/avr/4.3.3/../../../../avr/lib/avr5\libm.a(divsf3.o)
                                                  e:/codeblocks-arduino baru/codeblocks/bin/../lib/gcc/avr/4.3.3/../../../../avr/lib/avr5\libm.a(addsf3.o)
__fp_split3                                       e:/codeblocks-arduino baru/codeblocks/bin/../lib/gcc/avr/4.3.3/../../../../avr/lib/avr5\libm.a(fp_split3.o)
                                                  e:/codeblocks-arduino baru/codeblocks/bin/../lib/gcc/avr/4.3.3/../../../../avr/lib/avr5\libm.a(mulsf3x.o)
                                                  e:/codeblocks-arduino baru/codeblocks/bin/../lib/gcc/avr/4.3.3/../../../../avr/lib/avr5\libm.a(divsf3x.o)
                                                  e:/codeblocks-arduino baru/codeblocks/bin/../lib/gcc/avr/4.3.3/../../../../avr/lib/avr5\libm.a(addsf3x.o)
__fp_splitA                                       e:/codeblocks-arduino baru/codeblocks/bin/../lib/gcc/avr/4.3.3/../../../../avr/lib/avr5\libm.a(fp_split3.o)
                                                  e:/codeblocks-arduino baru/codeblocks/bin/../lib/gcc/avr/4.3.3/../../../../avr/lib/avr5\libm.a(fixunssfsi.o)
__fp_szero                                        e:/codeblocks-arduino baru/codeblocks/bin/../lib/gcc/avr/4.3.3/../../../../avr/lib/avr5\libm.a(fp_zero.o)
                                                  e:/codeblocks-arduino baru/codeblocks/bin/../lib/gcc/avr/4.3.3/../../../../avr/lib/avr5\libm.a(mulsf3x.o)
                                                  e:/codeblocks-arduino baru/codeblocks/bin/../lib/gcc/avr/4.3.3/../../../../avr/lib/avr5\libm.a(fixsfsi.o)
                                                  e:/codeblocks-arduino baru/codeblocks/bin/../lib/gcc/avr/4.3.3/../../../../avr/lib/avr5\libm.a(divsf3x.o)
__fp_zero                                         e:/codeblocks-arduino baru/codeblocks/bin/../lib/gcc/avr/4.3.3/../../../../avr/lib/avr5\libm.a(fp_zero.o)
                                                  e:/codeblocks-arduino baru/codeblocks/bin/../lib/gcc/avr/4.3.3/../../../../avr/lib/avr5\libm.a(fixunssfsi.o)
                                                  e:/codeblocks-arduino baru/codeblocks/bin/../lib/gcc/avr/4.3.3/../../../../avr/lib/avr5\libm.a(addsf3x.o)
__gesf2                                           e:/codeblocks-arduino baru/codeblocks/bin/../lib/gcc/avr/4.3.3/../../../../avr/lib/avr5\libm.a(gesf2.o)
__gtsf2                                           e:/codeblocks-arduino baru/codeblocks/bin/../lib/gcc/avr/4.3.3/../../../../avr/lib/avr5\libm.a(gesf2.o)
                                                  E:\Github for wgindows\ICStation_E003A\build\/core_duemilanove328_16.a(Print.cpp.o)
__heap_end                                        e:/codeblocks-arduino baru/codeblocks/bin/../lib/gcc/avr/4.3.3/../../../../avr/lib/avr5/crtm328p.o
                                                  e:/codeblocks-arduino baru/codeblocks/bin/../lib/gcc/avr/4.3.3/../../../../avr/lib/avr5\libc.a(malloc.o)
__heap_start                                      e:/codeblocks-arduino baru/codeblocks/bin/../lib/gcc/avr/4.3.3/../../../../avr/lib/avr5\libc.a(malloc.o)
__init                                            e:/codeblocks-arduino baru/codeblocks/bin/../lib/gcc/avr/4.3.3/../../../../avr/lib/avr5/crtm328p.o
__lesf2                                           e:/codeblocks-arduino baru/codeblocks/bin/../lib/gcc/avr/4.3.3/../../../../avr/lib/avr5\libm.a(cmpsf2.o)
                                                  E:\Github for wgindows\ICStation_E003A\build\/core_duemilanove328_16.a(Print.cpp.o)
__ltsf2                                           e:/codeblocks-arduino baru/codeblocks/bin/../lib/gcc/avr/4.3.3/../../../../avr/lib/avr5\libm.a(cmpsf2.o)
                                                  E:\Github for wgindows\ICStation_E003A\build\/core_duemilanove328_16.a(Print.cpp.o)
__malloc_heap_end                                 e:/codeblocks-arduino baru/codeblocks/bin/../lib/gcc/avr/4.3.3/../../../../avr/lib/avr5\libc.a(malloc.o)
                                                  e:/codeblocks-arduino baru/codeblocks/bin/../lib/gcc/avr/4.3.3/../../../../avr/lib/avr5\libc.a(realloc.o)
__malloc_heap_start                               e:/codeblocks-arduino baru/codeblocks/bin/../lib/gcc/avr/4.3.3/../../../../avr/lib/avr5\libc.a(malloc.o)
__malloc_margin                                   e:/codeblocks-arduino baru/codeblocks/bin/../lib/gcc/avr/4.3.3/../../../../avr/lib/avr5\libc.a(malloc.o)
                                                  e:/codeblocks-arduino baru/codeblocks/bin/../lib/gcc/avr/4.3.3/../../../../avr/lib/avr5\libc.a(realloc.o)
__mulsf3                                          e:/codeblocks-arduino baru/codeblocks/bin/../lib/gcc/avr/4.3.3/../../../../avr/lib/avr5\libm.a(mulsf3.o)
                                                  E:\Github for wgindows\ICStation_E003A\build\/core_duemilanove328_16.a(Print.cpp.o)
                                                  build\ICStation_E003A.o
__mulsf3_pse                                      e:/codeblocks-arduino baru/codeblocks/bin/../lib/gcc/avr/4.3.3/../../../../avr/lib/avr5\libm.a(mulsf3x.o)
__mulsf3x                                         e:/codeblocks-arduino baru/codeblocks/bin/../lib/gcc/avr/4.3.3/../../../../avr/lib/avr5\libm.a(mulsf3x.o)
                                                  e:/codeblocks-arduino baru/codeblocks/bin/../lib/gcc/avr/4.3.3/../../../../avr/lib/avr5\libm.a(mulsf3.o)
__mulsi3                                          e:/codeblocks-arduino baru/codeblocks/bin/../lib/gcc/avr/4.3.3/avr5\libgcc.a(_mulsi3.o)
                                                  E:\Github for wgindows\ICStation_E003A\build\/core_duemilanove328_16.a(Print.cpp.o)
__mulsi_const_10                                  e:/codeblocks-arduino baru/codeblocks/bin/../lib/gcc/avr/4.3.3/../../../../avr/lib/avr5\libc.a(mulsi10.o)
                                                  e:/codeblocks-arduino baru/codeblocks/bin/../lib/gcc/avr/4.3.3/../../../../avr/lib/avr5\libc.a(atol.o)
__nesf2                                           e:/codeblocks-arduino baru/codeblocks/bin/../lib/gcc/avr/4.3.3/../../../../avr/lib/avr5\libm.a(cmpsf2.o)
__prologue_saves__                                e:/codeblocks-arduino baru/codeblocks/bin/../lib/gcc/avr/4.3.3/avr5\libgcc.a(_prologue.o)
                                                  e:/codeblocks-arduino baru/codeblocks/bin/../lib/gcc/avr/4.3.3/../../../../avr/lib/avr5\libc.a(realloc.o)
__stack                                           e:/codeblocks-arduino baru/codeblocks/bin/../lib/gcc/avr/4.3.3/../../../../avr/lib/avr5/crtm328p.o
__subsf3                                          e:/codeblocks-arduino baru/codeblocks/bin/../lib/gcc/avr/4.3.3/../../../../avr/lib/avr5\libm.a(addsf3.o)
                                                  E:\Github for wgindows\ICStation_E003A\build\/core_duemilanove328_16.a(Print.cpp.o)
__tablejump2__                                    e:/codeblocks-arduino baru/codeblocks/bin/../lib/gcc/avr/4.3.3/avr5\libgcc.a(_tablejump.o)
__tablejump__                                     e:/codeblocks-arduino baru/codeblocks/bin/../lib/gcc/avr/4.3.3/avr5\libgcc.a(_tablejump.o)
                                                  e:/codeblocks-arduino baru/codeblocks/bin/../lib/gcc/avr/4.3.3/avr5\libgcc.a(_ctors.o)
__udivmodhi4                                      e:/codeblocks-arduino baru/codeblocks/bin/../lib/gcc/avr/4.3.3/avr5\libgcc.a(_udivmodhi4.o)
                                                  e:/codeblocks-arduino baru/codeblocks/bin/../lib/gcc/avr/4.3.3/../../../../avr/lib/avr5\libc.a(utoa.o)
                                                  e:/codeblocks-arduino baru/codeblocks/bin/../lib/gcc/avr/4.3.3/../../../../avr/lib/avr5\libc.a(itoa.o)
__udivmodsi4                                      e:/codeblocks-arduino baru/codeblocks/bin/../lib/gcc/avr/4.3.3/avr5\libgcc.a(_udivmodsi4.o)
                                                  e:/codeblocks-arduino baru/codeblocks/bin/../lib/gcc/avr/4.3.3/../../../../avr/lib/avr5\libc.a(ultoa.o)
                                                  e:/codeblocks-arduino baru/codeblocks/bin/../lib/gcc/avr/4.3.3/../../../../avr/lib/avr5\libc.a(ltoa.o)
                                                  E:\Github for wgindows\ICStation_E003A\build\/core_duemilanove328_16.a(Print.cpp.o)
                                                  E:\Github for wgindows\ICStation_E003A\build\/core_duemilanove328_16.a(HardwareSerial.cpp.o)
__unordsf2                                        e:/codeblocks-arduino baru/codeblocks/bin/../lib/gcc/avr/4.3.3/../../../../avr/lib/avr5\libm.a(unordsf2.o)
                                                  E:\Github for wgindows\ICStation_E003A\build\/core_duemilanove328_16.a(Print.cpp.o)
__vector_1                                        e:/codeblocks-arduino baru/codeblocks/bin/../lib/gcc/avr/4.3.3/../../../../avr/lib/avr5/crtm328p.o
__vector_10                                       e:/codeblocks-arduino baru/codeblocks/bin/../lib/gcc/avr/4.3.3/../../../../avr/lib/avr5/crtm328p.o
__vector_11                                       e:/codeblocks-arduino baru/codeblocks/bin/../lib/gcc/avr/4.3.3/../../../../avr/lib/avr5/crtm328p.o
__vector_12                                       e:/codeblocks-arduino baru/codeblocks/bin/../lib/gcc/avr/4.3.3/../../../../avr/lib/avr5/crtm328p.o
__vector_13                                       e:/codeblocks-arduino baru/codeblocks/bin/../lib/gcc/avr/4.3.3/../../../../avr/lib/avr5/crtm328p.o
__vector_14                                       e:/codeblocks-arduino baru/codeblocks/bin/../lib/gcc/avr/4.3.3/../../../../avr/lib/avr5/crtm328p.o
__vector_15                                       e:/codeblocks-arduino baru/codeblocks/bin/../lib/gcc/avr/4.3.3/../../../../avr/lib/avr5/crtm328p.o
__vector_16                                       E:\Github for wgindows\ICStation_E003A\build\/core_duemilanove328_16.a(wiring.c.o)
                                                  e:/codeblocks-arduino baru/codeblocks/bin/../lib/gcc/avr/4.3.3/../../../../avr/lib/avr5/crtm328p.o
__vector_17                                       e:/codeblocks-arduino baru/codeblocks/bin/../lib/gcc/avr/4.3.3/../../../../avr/lib/avr5/crtm328p.o
__vector_18                                       E:\Github for wgindows\ICStation_E003A\build\/core_duemilanove328_16.a(HardwareSerial.cpp.o)
                                                  e:/codeblocks-arduino baru/codeblocks/bin/../lib/gcc/avr/4.3.3/../../../../avr/lib/avr5/crtm328p.o
__vector_19                                       E:\Github for wgindows\ICStation_E003A\build\/core_duemilanove328_16.a(HardwareSerial.cpp.o)
                                                  e:/codeblocks-arduino baru/codeblocks/bin/../lib/gcc/avr/4.3.3/../../../../avr/lib/avr5/crtm328p.o
__vector_2                                        e:/codeblocks-arduino baru/codeblocks/bin/../lib/gcc/avr/4.3.3/../../../../avr/lib/avr5/crtm328p.o
__vector_20                                       e:/codeblocks-arduino baru/codeblocks/bin/../lib/gcc/avr/4.3.3/../../../../avr/lib/avr5/crtm328p.o
__vector_21                                       e:/codeblocks-arduino baru/codeblocks/bin/../lib/gcc/avr/4.3.3/../../../../avr/lib/avr5/crtm328p.o
__vector_22                                       e:/codeblocks-arduino baru/codeblocks/bin/../lib/gcc/avr/4.3.3/../../../../avr/lib/avr5/crtm328p.o
__vector_23                                       e:/codeblocks-arduino baru/codeblocks/bin/../lib/gcc/avr/4.3.3/../../../../avr/lib/avr5/crtm328p.o
__vector_24                                       e:/codeblocks-arduino baru/codeblocks/bin/../lib/gcc/avr/4.3.3/../../../../avr/lib/avr5/crtm328p.o
__vector_25                                       e:/codeblocks-arduino baru/codeblocks/bin/../lib/gcc/avr/4.3.3/../../../../avr/lib/avr5/crtm328p.o
__vector_3                                        e:/codeblocks-arduino baru/codeblocks/bin/../lib/gcc/avr/4.3.3/../../../../avr/lib/avr5/crtm328p.o
__vector_4                                        e:/codeblocks-arduino baru/codeblocks/bin/../lib/gcc/avr/4.3.3/../../../../avr/lib/avr5/crtm328p.o
__vector_5                                        e:/codeblocks-arduino baru/codeblocks/bin/../lib/gcc/avr/4.3.3/../../../../avr/lib/avr5/crtm328p.o
__vector_6                                        e:/codeblocks-arduino baru/codeblocks/bin/../lib/gcc/avr/4.3.3/../../../../avr/lib/avr5/crtm328p.o
__vector_7                                        e:/codeblocks-arduino baru/codeblocks/bin/../lib/gcc/avr/4.3.3/../../../../avr/lib/avr5/crtm328p.o
__vector_8                                        e:/codeblocks-arduino baru/codeblocks/bin/../lib/gcc/avr/4.3.3/../../../../avr/lib/avr5/crtm328p.o
__vector_9                                        e:/codeblocks-arduino baru/codeblocks/bin/../lib/gcc/avr/4.3.3/../../../../avr/lib/avr5/crtm328p.o
__vector_default                                  e:/codeblocks-arduino baru/codeblocks/bin/../lib/gcc/avr/4.3.3/../../../../avr/lib/avr5/crtm328p.o
__vectors                                         e:/codeblocks-arduino baru/codeblocks/bin/../lib/gcc/avr/4.3.3/../../../../avr/lib/avr5/crtm328p.o
_exit                                             e:/codeblocks-arduino baru/codeblocks/bin/../lib/gcc/avr/4.3.3/avr5\libgcc.a(_exit.o)
analogRead                                        E:\Github for wgindows\ICStation_E003A\build\/core_duemilanove328_16.a(wiring_analog.c.o)
                                                  build\ICStation_E003A.o
analogReference                                   E:\Github for wgindows\ICStation_E003A\build\/core_duemilanove328_16.a(wiring_analog.c.o)
analogWrite                                       E:\Github for wgindows\ICStation_E003A\build\/core_duemilanove328_16.a(wiring_analog.c.o)
analog_reference                                  E:\Github for wgindows\ICStation_E003A\build\/core_duemilanove328_16.a(wiring_analog.c.o)
atol                                              e:/codeblocks-arduino baru/codeblocks/bin/../lib/gcc/avr/4.3.3/../../../../avr/lib/avr5\libc.a(atol.o)
                                                  E:\Github for wgindows\ICStation_E003A\build\/core_duemilanove328_16.a(WString.cpp.o)
decision                                          build\ICStation_E003A.o
delay                                             E:\Github for wgindows\ICStation_E003A\build\/core_duemilanove328_16.a(wiring.c.o)
                                                  build\ICStation_E003A.o
delayMicroseconds                                 E:\Github for wgindows\ICStation_E003A\build\/core_duemilanove328_16.a(wiring.c.o)
digitalRead                                       E:\Github for wgindows\ICStation_E003A\build\/core_duemilanove328_16.a(wiring_digital.c.o)
                                                  build\ICStation_E003A.o
digitalWrite                                      E:\Github for wgindows\ICStation_E003A\build\/core_duemilanove328_16.a(wiring_digital.c.o)
                                                  E:\Github for wgindows\ICStation_E003A\build\/core_duemilanove328_16.a(wiring_analog.c.o)
digital_pin_to_bit_mask_PGM                       E:\Github for wgindows\ICStation_E003A\build\/core_duemilanove328_16.a(wiring_digital.c.o)
digital_pin_to_port_PGM                           E:\Github for wgindows\ICStation_E003A\build\/core_duemilanove328_16.a(wiring_digital.c.o)
digital_pin_to_timer_PGM                          E:\Github for wgindows\ICStation_E003A\build\/core_duemilanove328_16.a(wiring_digital.c.o)
                                                  E:\Github for wgindows\ICStation_E003A\build\/core_duemilanove328_16.a(wiring_analog.c.o)
exit                                              e:/codeblocks-arduino baru/codeblocks/bin/../lib/gcc/avr/4.3.3/avr5\libgcc.a(_exit.o)
                                                  e:/codeblocks-arduino baru/codeblocks/bin/../lib/gcc/avr/4.3.3/../../../../avr/lib/avr5/crtm328p.o
free                                              e:/codeblocks-arduino baru/codeblocks/bin/../lib/gcc/avr/4.3.3/../../../../avr/lib/avr5\libc.a(malloc.o)
                                                  e:/codeblocks-arduino baru/codeblocks/bin/../lib/gcc/avr/4.3.3/../../../../avr/lib/avr5\libc.a(realloc.o)
                                                  E:\Github for wgindows\ICStation_E003A\build\/core_duemilanove328_16.a(WString.cpp.o)
                                                  E:\Github for wgindows\ICStation_E003A\build\/core_duemilanove328_16.a(new.cpp.o)
init                                              E:\Github for wgindows\ICStation_E003A\build\/core_duemilanove328_16.a(wiring.c.o)
                                                  E:\Github for wgindows\ICStation_E003A\build\/core_duemilanove328_16.a(main.cpp.o)
isspace                                           e:/codeblocks-arduino baru/codeblocks/bin/../lib/gcc/avr/4.3.3/../../../../avr/lib/avr5\libc.a(isspace.o)
                                                  E:\Github for wgindows\ICStation_E003A\build\/core_duemilanove328_16.a(WString.cpp.o)
itoa                                              e:/codeblocks-arduino baru/codeblocks/bin/../lib/gcc/avr/4.3.3/../../../../avr/lib/avr5\libc.a(itoa.o)
                                                  E:\Github for wgindows\ICStation_E003A\build\/core_duemilanove328_16.a(WString.cpp.o)
loop                                              build\ICStation_E003A.o
                                                  E:\Github for wgindows\ICStation_E003A\build\/core_duemilanove328_16.a(main.cpp.o)
ltoa                                              e:/codeblocks-arduino baru/codeblocks/bin/../lib/gcc/avr/4.3.3/../../../../avr/lib/avr5\libc.a(ltoa.o)
                                                  E:\Github for wgindows\ICStation_E003A\build\/core_duemilanove328_16.a(WString.cpp.o)
main                                              E:\Github for wgindows\ICStation_E003A\build\/core_duemilanove328_16.a(main.cpp.o)
                                                  e:/codeblocks-arduino baru/codeblocks/bin/../lib/gcc/avr/4.3.3/../../../../avr/lib/avr5/crtm328p.o
malloc                                            e:/codeblocks-arduino baru/codeblocks/bin/../lib/gcc/avr/4.3.3/../../../../avr/lib/avr5\libc.a(malloc.o)
                                                  e:/codeblocks-arduino baru/codeblocks/bin/../lib/gcc/avr/4.3.3/../../../../avr/lib/avr5\libc.a(realloc.o)
                                                  E:\Github for wgindows\ICStation_E003A\build\/core_duemilanove328_16.a(new.cpp.o)
memcpy                                            e:/codeblocks-arduino baru/codeblocks/bin/../lib/gcc/avr/4.3.3/../../../../avr/lib/avr5\libc.a(memcpy.o)
                                                  e:/codeblocks-arduino baru/codeblocks/bin/../lib/gcc/avr/4.3.3/../../../../avr/lib/avr5\libc.a(memmove.o)
                                                  e:/codeblocks-arduino baru/codeblocks/bin/../lib/gcc/avr/4.3.3/../../../../avr/lib/avr5\libc.a(realloc.o)
                                                  E:\Github for wgindows\ICStation_E003A\build\/core_duemilanove328_16.a(WString.cpp.o)
memmove                                           e:/codeblocks-arduino baru/codeblocks/bin/../lib/gcc/avr/4.3.3/../../../../avr/lib/avr5\libc.a(memmove.o)
                                                  E:\Github for wgindows\ICStation_E003A\build\/core_duemilanove328_16.a(WString.cpp.o)
micros                                            E:\Github for wgindows\ICStation_E003A\build\/core_duemilanove328_16.a(wiring.c.o)
millis                                            E:\Github for wgindows\ICStation_E003A\build\/core_duemilanove328_16.a(wiring.c.o)
operator delete(void*)                            E:\Github for wgindows\ICStation_E003A\build\/core_duemilanove328_16.a(new.cpp.o)
operator delete[](void*)                          E:\Github for wgindows\ICStation_E003A\build\/core_duemilanove328_16.a(new.cpp.o)
operator new(unsigned int)                        E:\Github for wgindows\ICStation_E003A\build\/core_duemilanove328_16.a(new.cpp.o)
operator new[](unsigned int)                      E:\Github for wgindows\ICStation_E003A\build\/core_duemilanove328_16.a(new.cpp.o)
operator+(StringSumHelper const&, String const&)  E:\Github for wgindows\ICStation_E003A\build\/core_duemilanove328_16.a(WString.cpp.o)
operator+(StringSumHelper const&, char const*)    E:\Github for wgindows\ICStation_E003A\build\/core_duemilanove328_16.a(WString.cpp.o)
operator+(StringSumHelper const&, char)           E:\Github for wgindows\ICStation_E003A\build\/core_duemilanove328_16.a(WString.cpp.o)
operator+(StringSumHelper const&, int)            E:\Github for wgindows\ICStation_E003A\build\/core_duemilanove328_16.a(WString.cpp.o)
operator+(StringSumHelper const&, long)           E:\Github for wgindows\ICStation_E003A\build\/core_duemilanove328_16.a(WString.cpp.o)
operator+(StringSumHelper const&, unsigned char)  E:\Github for wgindows\ICStation_E003A\build\/core_duemilanove328_16.a(WString.cpp.o)
operator+(StringSumHelper const&, unsigned int)   E:\Github for wgindows\ICStation_E003A\build\/core_duemilanove328_16.a(WString.cpp.o)
operator+(StringSumHelper const&, unsigned long)  E:\Github for wgindows\ICStation_E003A\build\/core_duemilanove328_16.a(WString.cpp.o)
pinMode                                           E:\Github for wgindows\ICStation_E003A\build\/core_duemilanove328_16.a(wiring_digital.c.o)
                                                  E:\Github for wgindows\ICStation_E003A\build\/core_duemilanove328_16.a(wiring_analog.c.o)
                                                  build\ICStation_E003A.o
port_to_input_PGM                                 E:\Github for wgindows\ICStation_E003A\build\/core_duemilanove328_16.a(wiring_digital.c.o)
port_to_mode_PGM                                  E:\Github for wgindows\ICStation_E003A\build\/core_duemilanove328_16.a(wiring_digital.c.o)
port_to_output_PGM                                E:\Github for wgindows\ICStation_E003A\build\/core_duemilanove328_16.a(wiring_digital.c.o)
realloc                                           e:/codeblocks-arduino baru/codeblocks/bin/../lib/gcc/avr/4.3.3/../../../../avr/lib/avr5\libc.a(realloc.o)
                                                  E:\Github for wgindows\ICStation_E003A\build\/core_duemilanove328_16.a(WString.cpp.o)
rx_buffer                                         E:\Github for wgindows\ICStation_E003A\build\/core_duemilanove328_16.a(HardwareSerial.cpp.o)
sample_count                                      build\ICStation_E003A.o
serialEvent()                                     E:\Github for wgindows\ICStation_E003A\build\/core_duemilanove328_16.a(HardwareSerial.cpp.o)
serialEventRun()                                  E:\Github for wgindows\ICStation_E003A\build\/core_duemilanove328_16.a(HardwareSerial.cpp.o)
                                                  E:\Github for wgindows\ICStation_E003A\build\/core_duemilanove328_16.a(main.cpp.o)
setup                                             build\ICStation_E003A.o
                                                  E:\Github for wgindows\ICStation_E003A\build\/core_duemilanove328_16.a(main.cpp.o)
strchr                                            e:/codeblocks-arduino baru/codeblocks/bin/../lib/gcc/avr/4.3.3/../../../../avr/lib/avr5\libc.a(strchr.o)
                                                  E:\Github for wgindows\ICStation_E003A\build\/core_duemilanove328_16.a(WString.cpp.o)
strcmp                                            e:/codeblocks-arduino baru/codeblocks/bin/../lib/gcc/avr/4.3.3/../../../../avr/lib/avr5\libc.a(strcmp.o)
                                                  E:\Github for wgindows\ICStation_E003A\build\/core_duemilanove328_16.a(WString.cpp.o)
strcpy                                            e:/codeblocks-arduino baru/codeblocks/bin/../lib/gcc/avr/4.3.3/../../../../avr/lib/avr5\libc.a(strcpy.o)
                                                  E:\Github for wgindows\ICStation_E003A\build\/core_duemilanove328_16.a(WString.cpp.o)
strncmp                                           e:/codeblocks-arduino baru/codeblocks/bin/../lib/gcc/avr/4.3.3/../../../../avr/lib/avr5\libc.a(strncmp.o)
                                                  E:\Github for wgindows\ICStation_E003A\build\/core_duemilanove328_16.a(WString.cpp.o)
strncpy                                           e:/codeblocks-arduino baru/codeblocks/bin/../lib/gcc/avr/4.3.3/../../../../avr/lib/avr5\libc.a(strncpy.o)
                                                  E:\Github for wgindows\ICStation_E003A\build\/core_duemilanove328_16.a(WString.cpp.o)
strrchr                                           e:/codeblocks-arduino baru/codeblocks/bin/../lib/gcc/avr/4.3.3/../../../../avr/lib/avr5\libc.a(strrchr.o)
                                                  E:\Github for wgindows\ICStation_E003A\build\/core_duemilanove328_16.a(WString.cpp.o)
strrev                                            e:/codeblocks-arduino baru/codeblocks/bin/../lib/gcc/avr/4.3.3/../../../../avr/lib/avr5\libc.a(strrev.o)
                                                  e:/codeblocks-arduino baru/codeblocks/bin/../lib/gcc/avr/4.3.3/../../../../avr/lib/avr5\libc.a(utoa.o)
                                                  e:/codeblocks-arduino baru/codeblocks/bin/../lib/gcc/avr/4.3.3/../../../../avr/lib/avr5\libc.a(ultoa.o)
                                                  e:/codeblocks-arduino baru/codeblocks/bin/../lib/gcc/avr/4.3.3/../../../../avr/lib/avr5\libc.a(ltoa.o)
                                                  e:/codeblocks-arduino baru/codeblocks/bin/../lib/gcc/avr/4.3.3/../../../../avr/lib/avr5\libc.a(itoa.o)
strstr                                            e:/codeblocks-arduino baru/codeblocks/bin/../lib/gcc/avr/4.3.3/../../../../avr/lib/avr5\libc.a(strstr.o)
                                                  E:\Github for wgindows\ICStation_E003A\build\/core_duemilanove328_16.a(WString.cpp.o)
sum                                               build\ICStation_E003A.o
timer0_millis                                     E:\Github for wgindows\ICStation_E003A\build\/core_duemilanove328_16.a(wiring.c.o)
timer0_overflow_count                             E:\Github for wgindows\ICStation_E003A\build\/core_duemilanove328_16.a(wiring.c.o)
tolower                                           e:/codeblocks-arduino baru/codeblocks/bin/../lib/gcc/avr/4.3.3/../../../../avr/lib/avr5\libc.a(tolower.o)
                                                  E:\Github for wgindows\ICStation_E003A\build\/core_duemilanove328_16.a(WString.cpp.o)
toupper                                           e:/codeblocks-arduino baru/codeblocks/bin/../lib/gcc/avr/4.3.3/../../../../avr/lib/avr5\libc.a(toupper.o)
                                                  E:\Github for wgindows\ICStation_E003A\build\/core_duemilanove328_16.a(WString.cpp.o)
tx_buffer                                         E:\Github for wgindows\ICStation_E003A\build\/core_duemilanove328_16.a(HardwareSerial.cpp.o)
ultoa                                             e:/codeblocks-arduino baru/codeblocks/bin/../lib/gcc/avr/4.3.3/../../../../avr/lib/avr5\libc.a(ultoa.o)
                                                  E:\Github for wgindows\ICStation_E003A\build\/core_duemilanove328_16.a(WString.cpp.o)
utoa                                              e:/codeblocks-arduino baru/codeblocks/bin/../lib/gcc/avr/4.3.3/../../../../avr/lib/avr5\libc.a(utoa.o)
                                                  E:\Github for wgindows\ICStation_E003A\build\/core_duemilanove328_16.a(WString.cpp.o)
voltage                                           build\ICStation_E003A.o
vtable for HardwareSerial                         E:\Github for wgindows\ICStation_E003A\build\/core_duemilanove328_16.a(HardwareSerial.cpp.o)
vtable for Print                                  E:\Github for wgindows\ICStation_E003A\build\/core_duemilanove328_16.a(Print.cpp.o)
vtable for Stream                                 E:\Github for wgindows\ICStation_E003A\build\/core_duemilanove328_16.a(HardwareSerial.cpp.o)
